
> frontend@0.0.0 build
> vite build

[36mvite v7.3.1 [32mbuilding client environment for production...[36m[39m
transforming...
[32mΓ£ô[39m 23 modules transformed.
node.exe : [31mΓ£ù[39m 
Build failed in 491ms
At E:\Data\node\npm.ps1:29 
char:3
+   & $NODE_EXE $NPM_CLI_JS 
$args
+   
~~~~~~~~~~~~~~~~~~~~~~~~~~~~~
    + CategoryInfo           
   : NotSpecified: ([31mΓ£  
  ù[39m Build failed in 4   
 91ms:String) [], RemoteE    
xception
    + FullyQualifiedErrorId  
   : NativeCommandError
 
[31merror during build:
[31m[vite:esbuild] 
Transform failed with 1 
error:
E:/projects/NeuroSpark AI/fro
ntend/src/pages/Practice.jsx:
515:39: ERROR: Unterminated 
string literal[31m
file: 
[36mE:/projects/NeuroSpark A
I/frontend/src/pages/Practice
.jsx:515:39[31m
[33m
[33mUnterminated string 
literal[33m
513 |                    
margin: "0 0 20px 0",
514 |                    
fontSize: "1.3rem",
515 |                    
color: COLORS.white",
    |                        
                 ^
516 |                    
display: "flex",
517 |                  
alignItems: "center",
[31m
    at failureErrorWithLog 
(E:\projects\NeuroSpark AI\fr
ontend\node_modules\esbuild\l
ib\main.js:1467:15)
    at 
E:\projects\NeuroSpark AI\fro
ntend\node_modules\esbuild\li
b\main.js:736:50
    at 
responseCallbacks.<computed> 
(E:\projects\NeuroSpark AI\fr
ontend\node_modules\esbuild\l
ib\main.js:603:9)
    at handleIncomingPacket 
(E:\projects\NeuroSpark AI\fr
ontend\node_modules\esbuild\l
ib\main.js:658:12)
    at Socket.readFromStdout 
(E:\projects\NeuroSpark AI\fr
ontend\node_modules\esbuild\l
ib\main.js:581:7)
    at Socket.emit 
(node:events:518:28)
    at addChunk (node:interna
l/streams/readable:561:12)
    at 
readableAddChunkPushByteMode 
(node:internal/streams/readab
le:512:3)
    at Readable.push (node:in
ternal/streams/readable:392:5
)
    at Pipe.onStreamRead (nod
e:internal/stream_base_common
s:189:23)[39m
